Archive member included because of file (symbol)

c:/program files (x86)/gnu tools arm embedded/4.9 2015q1/bin/../lib/gcc/arm-none-eabi/4.9.3/../../../../arm-none-eabi/lib/armv7e-m\libc.a(lib_a-exit.o)
                              c:/program files (x86)/gnu tools arm embedded/4.9 2015q1/bin/../lib/gcc/arm-none-eabi/4.9.3/../../../../arm-none-eabi/lib/armv7e-m/crt0.o (exit)
c:/program files (x86)/gnu tools arm embedded/4.9 2015q1/bin/../lib/gcc/arm-none-eabi/4.9.3/../../../../arm-none-eabi/lib/armv7e-m\libc.a(lib_a-impure.o)
                              c:/program files (x86)/gnu tools arm embedded/4.9 2015q1/bin/../lib/gcc/arm-none-eabi/4.9.3/../../../../arm-none-eabi/lib/armv7e-m\libc.a(lib_a-exit.o) (_global_impure_ptr)
c:/program files (x86)/gnu tools arm embedded/4.9 2015q1/bin/../lib/gcc/arm-none-eabi/4.9.3/../../../../arm-none-eabi/lib/armv7e-m\libc.a(lib_a-init.o)
                              c:/program files (x86)/gnu tools arm embedded/4.9 2015q1/bin/../lib/gcc/arm-none-eabi/4.9.3/../../../../arm-none-eabi/lib/armv7e-m/crt0.o (__libc_init_array)
c:/program files (x86)/gnu tools arm embedded/4.9 2015q1/bin/../lib/gcc/arm-none-eabi/4.9.3/../../../../arm-none-eabi/lib/armv7e-m\libc.a(lib_a-memset.o)
                              c:/program files (x86)/gnu tools arm embedded/4.9 2015q1/bin/../lib/gcc/arm-none-eabi/4.9.3/../../../../arm-none-eabi/lib/armv7e-m/crt0.o (memset)
c:/program files (x86)/gnu tools arm embedded/4.9 2015q1/bin/../lib/gcc/arm-none-eabi/4.9.3/../../../../arm-none-eabi/lib/armv7e-m\libc.a(lib_a-__call_atexit.o)
                              c:/program files (x86)/gnu tools arm embedded/4.9 2015q1/bin/../lib/gcc/arm-none-eabi/4.9.3/../../../../arm-none-eabi/lib/armv7e-m\libc.a(lib_a-exit.o) (__call_exitprocs)
c:/program files (x86)/gnu tools arm embedded/4.9 2015q1/bin/../lib/gcc/arm-none-eabi/4.9.3/../../../../arm-none-eabi/lib/armv7e-m\libc.a(lib_a-atexit.o)
                              c:/program files (x86)/gnu tools arm embedded/4.9 2015q1/bin/../lib/gcc/arm-none-eabi/4.9.3/../../../../arm-none-eabi/lib/armv7e-m\libc.a(lib_a-__call_atexit.o) (atexit)
c:/program files (x86)/gnu tools arm embedded/4.9 2015q1/bin/../lib/gcc/arm-none-eabi/4.9.3/../../../../arm-none-eabi/lib/armv7e-m\libc.a(lib_a-fini.o)
                              c:/program files (x86)/gnu tools arm embedded/4.9 2015q1/bin/../lib/gcc/arm-none-eabi/4.9.3/../../../../arm-none-eabi/lib/armv7e-m\libc.a(lib_a-__call_atexit.o) (__libc_fini_array)
c:/program files (x86)/gnu tools arm embedded/4.9 2015q1/bin/../lib/gcc/arm-none-eabi/4.9.3/../../../../arm-none-eabi/lib/armv7e-m\libc.a(lib_a-__atexit.o)
                              c:/program files (x86)/gnu tools arm embedded/4.9 2015q1/bin/../lib/gcc/arm-none-eabi/4.9.3/../../../../arm-none-eabi/lib/armv7e-m\libc.a(lib_a-atexit.o) (__register_exitproc)
c:/program files (x86)/gnu tools arm embedded/4.9 2015q1/bin/../lib/gcc/arm-none-eabi/4.9.3/../../../../arm-none-eabi/lib/armv7e-m\libg.a(lib_a-memcpy.o)
                              ..\obj\Ethernet.o (memcpy)

Allocating common symbols
Common symbol       size              file

heth                0x48              ..\obj\Ethernet.o

Discarded input sections

 .text          0x00000000        0x0 c:/program files (x86)/gnu tools arm embedded/4.9 2015q1/bin/../lib/gcc/arm-none-eabi/4.9.3/armv7e-m/crti.o
 .data          0x00000000        0x0 c:/program files (x86)/gnu tools arm embedded/4.9 2015q1/bin/../lib/gcc/arm-none-eabi/4.9.3/armv7e-m/crti.o
 .bss           0x00000000        0x0 c:/program files (x86)/gnu tools arm embedded/4.9 2015q1/bin/../lib/gcc/arm-none-eabi/4.9.3/armv7e-m/crti.o
 .data          0x00000000        0x4 c:/program files (x86)/gnu tools arm embedded/4.9 2015q1/bin/../lib/gcc/arm-none-eabi/4.9.3/armv7e-m/crtbegin.o
 .text          0x00000000       0x74 c:/program files (x86)/gnu tools arm embedded/4.9 2015q1/bin/../lib/gcc/arm-none-eabi/4.9.3/../../../../arm-none-eabi/lib/armv7e-m/crt0.o
 .data          0x00000000        0x0 c:/program files (x86)/gnu tools arm embedded/4.9 2015q1/bin/../lib/gcc/arm-none-eabi/4.9.3/../../../../arm-none-eabi/lib/armv7e-m/crt0.o
 .bss           0x00000000        0x0 c:/program files (x86)/gnu tools arm embedded/4.9 2015q1/bin/../lib/gcc/arm-none-eabi/4.9.3/../../../../arm-none-eabi/lib/armv7e-m/crt0.o
 .ARM.extab     0x00000000        0x0 c:/program files (x86)/gnu tools arm embedded/4.9 2015q1/bin/../lib/gcc/arm-none-eabi/4.9.3/../../../../arm-none-eabi/lib/armv7e-m/crt0.o
 .ARM.exidx     0x00000000        0x8 c:/program files (x86)/gnu tools arm embedded/4.9 2015q1/bin/../lib/gcc/arm-none-eabi/4.9.3/../../../../arm-none-eabi/lib/armv7e-m/crt0.o
 .ARM.attributes
                0x00000000       0x1c c:/program files (x86)/gnu tools arm embedded/4.9 2015q1/bin/../lib/gcc/arm-none-eabi/4.9.3/../../../../arm-none-eabi/lib/armv7e-m/crt0.o
 .text          0x00000000        0x0 c:/program files (x86)/gnu tools arm embedded/4.9 2015q1/bin/../lib/gcc/arm-none-eabi/4.9.3/../../../../arm-none-eabi/lib/armv7e-m\libc.a(lib_a-exit.o)
 .data          0x00000000        0x0 c:/program files (x86)/gnu tools arm embedded/4.9 2015q1/bin/../lib/gcc/arm-none-eabi/4.9.3/../../../../arm-none-eabi/lib/armv7e-m\libc.a(lib_a-exit.o)
 .bss           0x00000000        0x0 c:/program files (x86)/gnu tools arm embedded/4.9 2015q1/bin/../lib/gcc/arm-none-eabi/4.9.3/../../../../arm-none-eabi/lib/armv7e-m\libc.a(lib_a-exit.o)
 .text.exit     0x00000000       0x20 c:/program files (x86)/gnu tools arm embedded/4.9 2015q1/bin/../lib/gcc/arm-none-eabi/4.9.3/../../../../arm-none-eabi/lib/armv7e-m\libc.a(lib_a-exit.o)
 .debug_frame   0x00000000       0x28 c:/program files (x86)/gnu tools arm embedded/4.9 2015q1/bin/../lib/gcc/arm-none-eabi/4.9.3/../../../../arm-none-eabi/lib/armv7e-m\libc.a(lib_a-exit.o)
 .ARM.attributes
                0x00000000       0x2e c:/program files (x86)/gnu tools arm embedded/4.9 2015q1/bin/../lib/gcc/arm-none-eabi/4.9.3/../../../../arm-none-eabi/lib/armv7e-m\libc.a(lib_a-exit.o)
 .text          0x00000000        0x0 c:/program files (x86)/gnu tools arm embedded/4.9 2015q1/bin/../lib/gcc/arm-none-eabi/4.9.3/../../../../arm-none-eabi/lib/armv7e-m\libc.a(lib_a-impure.o)
 .data          0x00000000        0x0 c:/program files (x86)/gnu tools arm embedded/4.9 2015q1/bin/../lib/gcc/arm-none-eabi/4.9.3/../../../../arm-none-eabi/lib/armv7e-m\libc.a(lib_a-impure.o)
 .bss           0x00000000        0x0 c:/program files (x86)/gnu tools arm embedded/4.9 2015q1/bin/../lib/gcc/arm-none-eabi/4.9.3/../../../../arm-none-eabi/lib/armv7e-m\libc.a(lib_a-impure.o)
 .data._impure_ptr
                0x00000000        0x4 c:/program files (x86)/gnu tools arm embedded/4.9 2015q1/bin/../lib/gcc/arm-none-eabi/4.9.3/../../../../arm-none-eabi/lib/armv7e-m\libc.a(lib_a-impure.o)
 .ARM.attributes
                0x00000000       0x2e c:/program files (x86)/gnu tools arm embedded/4.9 2015q1/bin/../lib/gcc/arm-none-eabi/4.9.3/../../../../arm-none-eabi/lib/armv7e-m\libc.a(lib_a-impure.o)
 .text          0x00000000        0x0 c:/program files (x86)/gnu tools arm embedded/4.9 2015q1/bin/../lib/gcc/arm-none-eabi/4.9.3/../../../../arm-none-eabi/lib/armv7e-m\libc.a(lib_a-init.o)
 .data          0x00000000        0x0 c:/program files (x86)/gnu tools arm embedded/4.9 2015q1/bin/../lib/gcc/arm-none-eabi/4.9.3/../../../../arm-none-eabi/lib/armv7e-m\libc.a(lib_a-init.o)
 .bss           0x00000000        0x0 c:/program files (x86)/gnu tools arm embedded/4.9 2015q1/bin/../lib/gcc/arm-none-eabi/4.9.3/../../../../arm-none-eabi/lib/armv7e-m\libc.a(lib_a-init.o)
 .debug_frame   0x00000000       0x2c c:/program files (x86)/gnu tools arm embedded/4.9 2015q1/bin/../lib/gcc/arm-none-eabi/4.9.3/../../../../arm-none-eabi/lib/armv7e-m\libc.a(lib_a-init.o)
 .ARM.attributes
                0x00000000       0x2e c:/program files (x86)/gnu tools arm embedded/4.9 2015q1/bin/../lib/gcc/arm-none-eabi/4.9.3/../../../../arm-none-eabi/lib/armv7e-m\libc.a(lib_a-init.o)
 .text          0x00000000        0x0 c:/program files (x86)/gnu tools arm embedded/4.9 2015q1/bin/../lib/gcc/arm-none-eabi/4.9.3/../../../../arm-none-eabi/lib/armv7e-m\libc.a(lib_a-memset.o)
 .data          0x00000000        0x0 c:/program files (x86)/gnu tools arm embedded/4.9 2015q1/bin/../lib/gcc/arm-none-eabi/4.9.3/../../../../arm-none-eabi/lib/armv7e-m\libc.a(lib_a-memset.o)
 .bss           0x00000000        0x0 c:/program files (x86)/gnu tools arm embedded/4.9 2015q1/bin/../lib/gcc/arm-none-eabi/4.9.3/../../../../arm-none-eabi/lib/armv7e-m\libc.a(lib_a-memset.o)
 .text.memset   0x00000000       0x9c c:/program files (x86)/gnu tools arm embedded/4.9 2015q1/bin/../lib/gcc/arm-none-eabi/4.9.3/../../../../arm-none-eabi/lib/armv7e-m\libc.a(lib_a-memset.o)
 .debug_frame   0x00000000       0x34 c:/program files (x86)/gnu tools arm embedded/4.9 2015q1/bin/../lib/gcc/arm-none-eabi/4.9.3/../../../../arm-none-eabi/lib/armv7e-m\libc.a(lib_a-memset.o)
 .ARM.attributes
                0x00000000       0x2e c:/program files (x86)/gnu tools arm embedded/4.9 2015q1/bin/../lib/gcc/arm-none-eabi/4.9.3/../../../../arm-none-eabi/lib/armv7e-m\libc.a(lib_a-memset.o)
 .text          0x00000000        0x0 c:/program files (x86)/gnu tools arm embedded/4.9 2015q1/bin/../lib/gcc/arm-none-eabi/4.9.3/../../../../arm-none-eabi/lib/armv7e-m\libc.a(lib_a-__call_atexit.o)
 .data          0x00000000        0x0 c:/program files (x86)/gnu tools arm embedded/4.9 2015q1/bin/../lib/gcc/arm-none-eabi/4.9.3/../../../../arm-none-eabi/lib/armv7e-m\libc.a(lib_a-__call_atexit.o)
 .bss           0x00000000        0x0 c:/program files (x86)/gnu tools arm embedded/4.9 2015q1/bin/../lib/gcc/arm-none-eabi/4.9.3/../../../../arm-none-eabi/lib/armv7e-m\libc.a(lib_a-__call_atexit.o)
 .text.__call_exitprocs
                0x00000000       0xd4 c:/program files (x86)/gnu tools arm embedded/4.9 2015q1/bin/../lib/gcc/arm-none-eabi/4.9.3/../../../../arm-none-eabi/lib/armv7e-m\libc.a(lib_a-__call_atexit.o)
 .debug_frame   0x00000000       0x50 c:/program files (x86)/gnu tools arm embedded/4.9 2015q1/bin/../lib/gcc/arm-none-eabi/4.9.3/../../../../arm-none-eabi/lib/armv7e-m\libc.a(lib_a-__call_atexit.o)
 .ARM.attributes
                0x00000000       0x2e c:/program files (x86)/gnu tools arm embedded/4.9 2015q1/bin/../lib/gcc/arm-none-eabi/4.9.3/../../../../arm-none-eabi/lib/armv7e-m\libc.a(lib_a-__call_atexit.o)
 .text          0x00000000        0x0 c:/program files (x86)/gnu tools arm embedded/4.9 2015q1/bin/../lib/gcc/arm-none-eabi/4.9.3/../../../../arm-none-eabi/lib/armv7e-m\libc.a(lib_a-atexit.o)
 .data          0x00000000        0x0 c:/program files (x86)/gnu tools arm embedded/4.9 2015q1/bin/../lib/gcc/arm-none-eabi/4.9.3/../../../../arm-none-eabi/lib/armv7e-m\libc.a(lib_a-atexit.o)
 .bss           0x00000000        0x0 c:/program files (x86)/gnu tools arm embedded/4.9 2015q1/bin/../lib/gcc/arm-none-eabi/4.9.3/../../../../arm-none-eabi/lib/armv7e-m\libc.a(lib_a-atexit.o)
 .debug_frame   0x00000000       0x20 c:/program files (x86)/gnu tools arm embedded/4.9 2015q1/bin/../lib/gcc/arm-none-eabi/4.9.3/../../../../arm-none-eabi/lib/armv7e-m\libc.a(lib_a-atexit.o)
 .ARM.attributes
                0x00000000       0x2e c:/program files (x86)/gnu tools arm embedded/4.9 2015q1/bin/../lib/gcc/arm-none-eabi/4.9.3/../../../../arm-none-eabi/lib/armv7e-m\libc.a(lib_a-atexit.o)
 .text          0x00000000        0x0 c:/program files (x86)/gnu tools arm embedded/4.9 2015q1/bin/../lib/gcc/arm-none-eabi/4.9.3/../../../../arm-none-eabi/lib/armv7e-m\libc.a(lib_a-fini.o)
 .data          0x00000000        0x0 c:/program files (x86)/gnu tools arm embedded/4.9 2015q1/bin/../lib/gcc/arm-none-eabi/4.9.3/../../../../arm-none-eabi/lib/armv7e-m\libc.a(lib_a-fini.o)
 .bss           0x00000000        0x0 c:/program files (x86)/gnu tools arm embedded/4.9 2015q1/bin/../lib/gcc/arm-none-eabi/4.9.3/../../../../arm-none-eabi/lib/armv7e-m\libc.a(lib_a-fini.o)
 .debug_frame   0x00000000       0x34 c:/program files (x86)/gnu tools arm embedded/4.9 2015q1/bin/../lib/gcc/arm-none-eabi/4.9.3/../../../../arm-none-eabi/lib/armv7e-m\libc.a(lib_a-fini.o)
 .ARM.attributes
                0x00000000       0x2e c:/program files (x86)/gnu tools arm embedded/4.9 2015q1/bin/../lib/gcc/arm-none-eabi/4.9.3/../../../../arm-none-eabi/lib/armv7e-m\libc.a(lib_a-fini.o)
 .text          0x00000000        0x0 c:/program files (x86)/gnu tools arm embedded/4.9 2015q1/bin/../lib/gcc/arm-none-eabi/4.9.3/../../../../arm-none-eabi/lib/armv7e-m\libc.a(lib_a-__atexit.o)
 .data          0x00000000        0x0 c:/program files (x86)/gnu tools arm embedded/4.9 2015q1/bin/../lib/gcc/arm-none-eabi/4.9.3/../../../../arm-none-eabi/lib/armv7e-m\libc.a(lib_a-__atexit.o)
 .bss           0x00000000        0x0 c:/program files (x86)/gnu tools arm embedded/4.9 2015q1/bin/../lib/gcc/arm-none-eabi/4.9.3/../../../../arm-none-eabi/lib/armv7e-m\libc.a(lib_a-__atexit.o)
 .debug_frame   0x00000000       0x34 c:/program files (x86)/gnu tools arm embedded/4.9 2015q1/bin/../lib/gcc/arm-none-eabi/4.9.3/../../../../arm-none-eabi/lib/armv7e-m\libc.a(lib_a-__atexit.o)
 .ARM.attributes
                0x00000000       0x2e c:/program files (x86)/gnu tools arm embedded/4.9 2015q1/bin/../lib/gcc/arm-none-eabi/4.9.3/../../../../arm-none-eabi/lib/armv7e-m\libc.a(lib_a-__atexit.o)
 .text          0x00000000      0x798 ..\obj\stm32f4xx_hal_dcmi.o
 .data          0x00000000        0x0 ..\obj\stm32f4xx_hal_dcmi.o
 .bss           0x00000000        0x0 ..\obj\stm32f4xx_hal_dcmi.o
 .debug_info    0x00000000      0x905 ..\obj\stm32f4xx_hal_dcmi.o
 .debug_abbrev  0x00000000      0x1f6 ..\obj\stm32f4xx_hal_dcmi.o
 .debug_aranges
                0x00000000       0x20 ..\obj\stm32f4xx_hal_dcmi.o
 .debug_line    0x00000000      0x44a ..\obj\stm32f4xx_hal_dcmi.o
 .debug_str     0x00000000      0x826 ..\obj\stm32f4xx_hal_dcmi.o
 .comment       0x00000000       0x71 ..\obj\stm32f4xx_hal_dcmi.o
 .debug_frame   0x00000000      0x2c8 ..\obj\stm32f4xx_hal_dcmi.o
 .ARM.attributes
                0x00000000       0x33 ..\obj\stm32f4xx_hal_dcmi.o
 .text          0x00000000      0x278 ..\obj\stm32f4xx_hal_rcc_ex.o
 .data          0x00000000        0x0 ..\obj\stm32f4xx_hal_rcc_ex.o
 .bss           0x00000000        0x0 ..\obj\stm32f4xx_hal_rcc_ex.o
 .debug_info    0x00000000      0x5d3 ..\obj\stm32f4xx_hal_rcc_ex.o
 .debug_abbrev  0x00000000      0x17d ..\obj\stm32f4xx_hal_rcc_ex.o
 .debug_aranges
                0x00000000       0x20 ..\obj\stm32f4xx_hal_rcc_ex.o
 .debug_line    0x00000000      0x328 ..\obj\stm32f4xx_hal_rcc_ex.o
 .debug_str     0x00000000      0x429 ..\obj\stm32f4xx_hal_rcc_ex.o
 .comment       0x00000000       0x71 ..\obj\stm32f4xx_hal_rcc_ex.o
 .debug_frame   0x00000000       0x5c ..\obj\stm32f4xx_hal_rcc_ex.o
 .ARM.attributes
                0x00000000       0x33 ..\obj\stm32f4xx_hal_rcc_ex.o
 .data          0x00000000        0x0 ..\obj\stm32f4xx_hal_eth.o
 .bss           0x00000000        0x0 ..\obj\stm32f4xx_hal_eth.o
 .data          0x00000000        0x0 ..\obj\stm32f4xx_hal_cortex.o
 .bss           0x00000000        0x0 ..\obj\stm32f4xx_hal_cortex.o
 .bss           0x00000000        0x0 ..\obj\system_stm32f4xx.o
 .data          0x00000000        0x0 ..\obj\stm32f4xx_hal.o
 .data          0x00000000        0x0 ..\obj\stm32f4xx_hal_gpio.o
 .bss           0x00000000        0x0 ..\obj\stm32f4xx_hal_gpio.o
 .data          0x00000000        0x0 ..\obj\stm32f4xx_hal_rcc.o
 .bss           0x00000000        0x0 ..\obj\stm32f4xx_hal_rcc.o
 .text          0x00000000       0x14 ..\obj\startup_stm32f407xx.o
 .data          0x00000000        0x0 ..\obj\startup_stm32f407xx.o
 .bss           0x00000000        0x0 ..\obj\startup_stm32f407xx.o
 .data          0x00000000        0x0 ..\obj\main.o
 .bss           0x00000000        0x0 ..\obj\main.o
 .data          0x00000000        0x0 ..\obj\Ethernet.o
 .bss           0x00000000        0x0 ..\obj\Ethernet.o
 .data          0x00000000        0x0 c:/program files (x86)/gnu tools arm embedded/4.9 2015q1/bin/../lib/gcc/arm-none-eabi/4.9.3/../../../../arm-none-eabi/lib/armv7e-m\libg.a(lib_a-memcpy.o)
 .bss           0x00000000        0x0 c:/program files (x86)/gnu tools arm embedded/4.9 2015q1/bin/../lib/gcc/arm-none-eabi/4.9.3/../../../../arm-none-eabi/lib/armv7e-m\libg.a(lib_a-memcpy.o)
 .text          0x00000000        0x0 c:/program files (x86)/gnu tools arm embedded/4.9 2015q1/bin/../lib/gcc/arm-none-eabi/4.9.3/armv7e-m/crtend.o
 .data          0x00000000        0x0 c:/program files (x86)/gnu tools arm embedded/4.9 2015q1/bin/../lib/gcc/arm-none-eabi/4.9.3/armv7e-m/crtend.o
 .bss           0x00000000        0x0 c:/program files (x86)/gnu tools arm embedded/4.9 2015q1/bin/../lib/gcc/arm-none-eabi/4.9.3/armv7e-m/crtend.o
 .eh_frame      0x00000000        0x4 c:/program files (x86)/gnu tools arm embedded/4.9 2015q1/bin/../lib/gcc/arm-none-eabi/4.9.3/armv7e-m/crtend.o
 .jcr           0x00000000        0x4 c:/program files (x86)/gnu tools arm embedded/4.9 2015q1/bin/../lib/gcc/arm-none-eabi/4.9.3/armv7e-m/crtend.o
 .ARM.attributes
                0x00000000       0x2e c:/program files (x86)/gnu tools arm embedded/4.9 2015q1/bin/../lib/gcc/arm-none-eabi/4.9.3/armv7e-m/crtend.o
 .text          0x00000000        0x0 c:/program files (x86)/gnu tools arm embedded/4.9 2015q1/bin/../lib/gcc/arm-none-eabi/4.9.3/armv7e-m/crtn.o
 .data          0x00000000        0x0 c:/program files (x86)/gnu tools arm embedded/4.9 2015q1/bin/../lib/gcc/arm-none-eabi/4.9.3/armv7e-m/crtn.o
 .bss           0x00000000        0x0 c:/program files (x86)/gnu tools arm embedded/4.9 2015q1/bin/../lib/gcc/arm-none-eabi/4.9.3/armv7e-m/crtn.o

Memory Configuration

Name             Origin             Length             Attributes
FLASH            0x08000000         0x00100000         xr
RAM              0x20000000         0x00020000         xrw
CCMRAM           0x10000000         0x00010000         rw
*default*        0x00000000         0xffffffff

Linker script and memory map

LOAD c:/program files (x86)/gnu tools arm embedded/4.9 2015q1/bin/../lib/gcc/arm-none-eabi/4.9.3/armv7e-m/crti.o
LOAD c:/program files (x86)/gnu tools arm embedded/4.9 2015q1/bin/../lib/gcc/arm-none-eabi/4.9.3/armv7e-m/crtbegin.o
LOAD c:/program files (x86)/gnu tools arm embedded/4.9 2015q1/bin/../lib/gcc/arm-none-eabi/4.9.3/../../../../arm-none-eabi/lib/armv7e-m/crt0.o
                0x2001ffff                _estack = 0x2001ffff
                0x00002000                _Min_Heap_Size = 0x2000
                0x00002000                _Min_Stack_Size = 0x2000

.isr_vector     0x08000000      0x188
                0x08000000                . = ALIGN (0x4)
 *(.isr_vector)
 .isr_vector    0x08000000      0x188 ..\obj\startup_stm32f407xx.o
                0x08000000                g_pfnVectors
                0x08000188                . = ALIGN (0x4)

.text           0x08000188     0x43f8
                0x08000188                . = ALIGN (0x4)
 *(.text)
 .text          0x08000188       0x5c c:/program files (x86)/gnu tools arm embedded/4.9 2015q1/bin/../lib/gcc/arm-none-eabi/4.9.3/armv7e-m/crtbegin.o
 .text          0x080001e4      0xa34 ..\obj\LED.o
                0x080001e4                initControl
                0x08000230                initLED1
                0x0800027c                initLED2
                0x080002c8                initLED3
                0x08000314                initLED4
                0x08000360                getCurrentTime
                0x0800039c                delay
                0x080003d0                blink_LED1
                0x080004a8                blink_LED2
                0x08000594                blink_LED3
                0x080006a0                blink_LED1_yield
                0x08000784                blink_LED2_yield
                0x0800087c                blink_LED3_yield
                0x0800098c                blink_4_LEDs
 .text          0x08000c18     0x1554 ..\obj\stm32f4xx_hal_eth.o
                0x08000c18                HAL_ETH_Init
                0x08000f18                HAL_ETH_DeInit
                0x08000f48                HAL_ETH_DMATxDescListInit
                0x0800101c                HAL_ETH_DMARxDescListInit
                0x08001120                HAL_ETH_TransmitFrame
                0x080012f4                HAL_ETH_GetReceivedFrame
                0x08001400                HAL_ETH_GetReceivedFrame_IT
                0x08001514                HAL_ETH_IRQHandler
                0x080015e0                HAL_ETH_TxCpltCallback
                0x080015f4                HAL_ETH_RxCpltCallback
                0x08001608                HAL_ETH_ErrorCallback
                0x0800161c                HAL_ETH_ReadPHYRegister
                0x080016ec                HAL_ETH_WritePHYRegister
                0x080017b8                HAL_ETH_Start
                0x08001818                HAL_ETH_Stop
                0x08001878                HAL_ETH_ConfigMAC
                0x08001a68                HAL_ETH_ConfigDMA
                0x08001b88                HAL_ETH_GetState
 .text          0x0800216c      0x544 ..\obj\stm32f4xx_hal_cortex.o
                0x08002500                HAL_NVIC_SetPriorityGrouping
                0x08002514                HAL_NVIC_SetPriority
                0x0800254c                HAL_NVIC_EnableIRQ
                0x08002568                HAL_NVIC_DisableIRQ
                0x08002584                HAL_NVIC_SystemReset
                0x08002590                HAL_SYSTICK_Config
                0x080025a8                HAL_NVIC_GetPriorityGrouping
                0x080025b8                HAL_NVIC_GetPriority
                0x080025e8                HAL_NVIC_SetPendingIRQ
                0x08002604                HAL_NVIC_GetPendingIRQ
                0x08002624                HAL_NVIC_ClearPendingIRQ
                0x08002640                HAL_NVIC_GetActive
                0x08002660                HAL_SYSTICK_CLKSourceConfig
                0x08002698                HAL_SYSTICK_IRQHandler
                0x080026a4                HAL_SYSTICK_Callback
 .text          0x080026b0      0x154 ..\obj\system_stm32f4xx.o
                0x080026b0                SystemInit
                0x0800270c                SystemCoreClockUpdate
 .text          0x08002804      0x2e4 ..\obj\stm32f4xx_hal.o
                0x08002804                HAL_Init
                0x0800283c                HAL_DeInit
                0x08002894                HAL_MspInit
                0x080028a0                HAL_MspDeInit
                0x080028ac                HAL_InitTick
                0x080028e4                HAL_IncTick
                0x08002900                HAL_GetTick
                0x08002918                HAL_Delay
                0x08002940                HAL_SuspendTick
                0x0800295c                HAL_ResumeTick
                0x08002978                HAL_GetHalVersion
                0x0800298c                HAL_GetREVID
                0x080029a4                HAL_GetDEVID
                0x080029c0                HAL_DBGMCU_EnableDBGSleepMode
                0x080029dc                HAL_DBGMCU_DisableDBGSleepMode
                0x080029f8                HAL_DBGMCU_EnableDBGStopMode
                0x08002a14                HAL_DBGMCU_DisableDBGStopMode
                0x08002a30                HAL_DBGMCU_EnableDBGStandbyMode
                0x08002a4c                HAL_DBGMCU_DisableDBGStandbyMode
                0x08002a68                HAL_EnableCompensationCell
                0x08002aa8                HAL_DisableCompensationCell
 .text          0x08002ae8      0x654 ..\obj\stm32f4xx_hal_gpio.o
                0x08002ae8                HAL_GPIO_Init
                0x08002e20                HAL_GPIO_DeInit
                0x08003024                HAL_GPIO_ReadPin
                0x08003054                HAL_GPIO_WritePin
                0x08003084                HAL_GPIO_TogglePin
                0x080030a8                HAL_GPIO_LockPin
                0x080030f8                HAL_GPIO_EXTI_IRQHandler
                0x08003128                HAL_GPIO_EXTI_Callback
 .text          0x0800313c      0xd74 ..\obj\stm32f4xx_hal_rcc.o
                0x0800313c                HAL_RCC_DeInit
                0x080031b4                HAL_RCC_OscConfig
                0x0800366c                HAL_RCC_ClockConfig
                0x08003988                HAL_RCC_MCOConfig
                0x08003a4c                HAL_RCC_EnableCSS
                0x08003a64                HAL_RCC_DisableCSS
                0x08003a7c                HAL_RCC_GetSysClockFreq
                0x08003b94                HAL_RCC_GetHCLKFreq
                0x08003bec                HAL_RCC_GetPCLK1Freq
                0x08003c38                HAL_RCC_GetPCLK2Freq
                0x08003c84                HAL_RCC_GetOscConfig
                0x08003e20                HAL_RCC_GetClockConfig
                0x08003e80                HAL_RCC_NMI_IRQHandler
                0x08003ea4                HAL_RCC_CSSCallback
 .text          0x08003eb0       0x70 ..\obj\main.o
                0x08003eb0                main
 .text          0x08003f20      0x380 ..\obj\Ethernet.o
                0x08003f20                HAL_ETH_MspInit
                0x080040b0                HAL_ETH_MspDeInit
                0x0800411c                ETH_IRQHandler
                0x0800412c                Ethernet_Init
 .text          0x080042a0      0x134 c:/program files (x86)/gnu tools arm embedded/4.9 2015q1/bin/../lib/gcc/arm-none-eabi/4.9.3/../../../../arm-none-eabi/lib/armv7e-m\libg.a(lib_a-memcpy.o)
                0x080042a0                memcpy
 *(.text*)
 .text.__libc_init_array
                0x080043d4       0x50 c:/program files (x86)/gnu tools arm embedded/4.9 2015q1/bin/../lib/gcc/arm-none-eabi/4.9.3/../../../../arm-none-eabi/lib/armv7e-m\libc.a(lib_a-init.o)
                0x080043d4                __libc_init_array
 .text.startup.register_fini
                0x08004424       0x14 c:/program files (x86)/gnu tools arm embedded/4.9 2015q1/bin/../lib/gcc/arm-none-eabi/4.9.3/../../../../arm-none-eabi/lib/armv7e-m\libc.a(lib_a-__call_atexit.o)
 .text.atexit   0x08004438        0xc c:/program files (x86)/gnu tools arm embedded/4.9 2015q1/bin/../lib/gcc/arm-none-eabi/4.9.3/../../../../arm-none-eabi/lib/armv7e-m\libc.a(lib_a-atexit.o)
                0x08004438                atexit
 .text.__libc_fini_array
                0x08004444       0x2c c:/program files (x86)/gnu tools arm embedded/4.9 2015q1/bin/../lib/gcc/arm-none-eabi/4.9.3/../../../../arm-none-eabi/lib/armv7e-m\libc.a(lib_a-fini.o)
                0x08004444                __libc_fini_array
 .text.__register_exitproc
                0x08004470       0xa4 c:/program files (x86)/gnu tools arm embedded/4.9 2015q1/bin/../lib/gcc/arm-none-eabi/4.9.3/../../../../arm-none-eabi/lib/armv7e-m\libc.a(lib_a-__atexit.o)
                0x08004470                __register_exitproc
 .text.Reset_Handler
                0x08004514       0x50 ..\obj\startup_stm32f407xx.o
                0x08004514                Reset_Handler
 .text.Default_Handler
                0x08004564        0x2 ..\obj\startup_stm32f407xx.o
                0x08004564                RTC_Alarm_IRQHandler
                0x08004564                HASH_RNG_IRQHandler
                0x08004564                EXTI2_IRQHandler
                0x08004564                TIM8_CC_IRQHandler
                0x08004564                DebugMon_Handler
                0x08004564                TIM1_CC_IRQHandler
                0x08004564                DMA2_Stream5_IRQHandler
                0x08004564                HardFault_Handler
                0x08004564                DMA1_Stream5_IRQHandler
                0x08004564                SysTick_Handler
                0x08004564                PVD_IRQHandler
                0x08004564                SDIO_IRQHandler
                0x08004564                TAMP_STAMP_IRQHandler
                0x08004564                PendSV_Handler
                0x08004564                NMI_Handler
                0x08004564                CAN2_RX1_IRQHandler
                0x08004564                EXTI3_IRQHandler
                0x08004564                TIM8_TRG_COM_TIM14_IRQHandler
                0x08004564                TIM1_UP_TIM10_IRQHandler
                0x08004564                TIM8_UP_TIM13_IRQHandler
                0x08004564                I2C3_ER_IRQHandler
                0x08004564                EXTI0_IRQHandler
                0x08004564                I2C2_EV_IRQHandler
                0x08004564                DMA1_Stream2_IRQHandler
                0x08004564                CAN1_RX0_IRQHandler
                0x08004564                FPU_IRQHandler
                0x08004564                OTG_HS_WKUP_IRQHandler
                0x08004564                UsageFault_Handler
                0x08004564                CAN2_SCE_IRQHandler
                0x08004564                DMA2_Stream2_IRQHandler
                0x08004564                SPI1_IRQHandler
                0x08004564                TIM6_DAC_IRQHandler
                0x08004564                TIM1_BRK_TIM9_IRQHandler
                0x08004564                DCMI_IRQHandler
                0x08004564                CAN2_RX0_IRQHandler
                0x08004564                DMA2_Stream3_IRQHandler
                0x08004564                USART6_IRQHandler
                0x08004564                USART3_IRQHandler
                0x08004564                CAN1_RX1_IRQHandler
                0x08004564                UART5_IRQHandler
                0x08004564                DMA2_Stream0_IRQHandler
                0x08004564                TIM4_IRQHandler
                0x08004564                I2C1_EV_IRQHandler
                0x08004564                DMA1_Stream6_IRQHandler
                0x08004564                DMA1_Stream1_IRQHandler
                0x08004564                UART4_IRQHandler
                0x08004564                TIM3_IRQHandler
                0x08004564                RCC_IRQHandler
                0x08004564                TIM8_BRK_TIM12_IRQHandler
                0x08004564                Default_Handler
                0x08004564                EXTI15_10_IRQHandler
                0x08004564                ADC_IRQHandler
                0x08004564                DMA1_Stream7_IRQHandler
                0x08004564                TIM7_IRQHandler
                0x08004564                CAN2_TX_IRQHandler
                0x08004564                TIM5_IRQHandler
                0x08004564                DMA2_Stream7_IRQHandler
                0x08004564                I2C3_EV_IRQHandler
                0x08004564                EXTI9_5_IRQHandler
                0x08004564                RTC_WKUP_IRQHandler
                0x08004564                ETH_WKUP_IRQHandler
                0x08004564                SPI2_IRQHandler
                0x08004564                OTG_HS_EP1_IN_IRQHandler
                0x08004564                MemManage_Handler
                0x08004564                DMA1_Stream0_IRQHandler
                0x08004564                CAN1_TX_IRQHandler
                0x08004564                SVC_Handler
                0x08004564                EXTI4_IRQHandler
                0x08004564                FSMC_IRQHandler
                0x08004564                OTG_HS_EP1_OUT_IRQHandler
                0x08004564                WWDG_IRQHandler
                0x08004564                TIM2_IRQHandler
                0x08004564                OTG_FS_WKUP_IRQHandler
                0x08004564                TIM1_TRG_COM_TIM11_IRQHandler
                0x08004564                OTG_HS_IRQHandler
                0x08004564                EXTI1_IRQHandler
                0x08004564                USART2_IRQHandler
                0x08004564                I2C2_ER_IRQHandler
                0x08004564                DMA2_Stream1_IRQHandler
                0x08004564                CAN1_SCE_IRQHandler
                0x08004564                FLASH_IRQHandler
                0x08004564                DMA2_Stream4_IRQHandler
                0x08004564                BusFault_Handler
                0x08004564                USART1_IRQHandler
                0x08004564                OTG_FS_IRQHandler
                0x08004564                SPI3_IRQHandler
                0x08004564                DMA1_Stream4_IRQHandler
                0x08004564                I2C1_ER_IRQHandler
                0x08004564                DMA2_Stream6_IRQHandler
                0x08004564                DMA1_Stream3_IRQHandler
 *(.glue_7)
 .glue_7        0x00000000        0x0 linker stubs
 *(.glue_7t)
 .glue_7t       0x00000000        0x0 linker stubs
 *(.eh_frame)
 *fill*         0x08004566        0x2 
 .eh_frame      0x08004568        0x0 c:/program files (x86)/gnu tools arm embedded/4.9 2015q1/bin/../lib/gcc/arm-none-eabi/4.9.3/armv7e-m/crtbegin.o
 *(.init)
 .init          0x08004568        0x4 c:/program files (x86)/gnu tools arm embedded/4.9 2015q1/bin/../lib/gcc/arm-none-eabi/4.9.3/armv7e-m/crti.o
                0x08004568                _init
 .init          0x0800456c        0x8 c:/program files (x86)/gnu tools arm embedded/4.9 2015q1/bin/../lib/gcc/arm-none-eabi/4.9.3/armv7e-m/crtn.o
 *(.fini)
 .fini          0x08004574        0x4 c:/program files (x86)/gnu tools arm embedded/4.9 2015q1/bin/../lib/gcc/arm-none-eabi/4.9.3/armv7e-m/crti.o
                0x08004574                _fini
 .fini          0x08004578        0x8 c:/program files (x86)/gnu tools arm embedded/4.9 2015q1/bin/../lib/gcc/arm-none-eabi/4.9.3/armv7e-m/crtn.o
                0x08004580                . = ALIGN (0x4)
                0x08004580                _etext = .

.vfp11_veneer   0x08004580        0x0
 .vfp11_veneer  0x00000000        0x0 linker stubs

.v4_bx          0x08004580        0x0
 .v4_bx         0x00000000        0x0 linker stubs

.iplt           0x08004580        0x0
 .iplt          0x00000000        0x0 c:/program files (x86)/gnu tools arm embedded/4.9 2015q1/bin/../lib/gcc/arm-none-eabi/4.9.3/armv7e-m/crtbegin.o

.rodata         0x08004580       0x28
                0x08004580                . = ALIGN (0x4)
 *(.rodata)
 .rodata        0x08004580       0x10 ..\obj\stm32f4xx_hal_rcc.o
                0x08004580                APBAHBPrescTable
 .rodata        0x08004590       0x10 ..\obj\Ethernet.o
 *(.rodata*)
 .rodata.str1.4
                0x080045a0        0x4 c:/program files (x86)/gnu tools arm embedded/4.9 2015q1/bin/../lib/gcc/arm-none-eabi/4.9.3/../../../../arm-none-eabi/lib/armv7e-m\libc.a(lib_a-impure.o)
 .rodata._global_impure_ptr
                0x080045a4        0x4 c:/program files (x86)/gnu tools arm embedded/4.9 2015q1/bin/../lib/gcc/arm-none-eabi/4.9.3/../../../../arm-none-eabi/lib/armv7e-m\libc.a(lib_a-impure.o)
                0x080045a4                _global_impure_ptr
                0x080045a8                . = ALIGN (0x4)

.rel.dyn        0x080045a8        0x0
 .rel.iplt      0x00000000        0x0 c:/program files (x86)/gnu tools arm embedded/4.9 2015q1/bin/../lib/gcc/arm-none-eabi/4.9.3/armv7e-m/crtbegin.o

.ARM.extab
 *(.ARM.extab* .gnu.linkonce.armextab.*)

.ARM            0x080045a8        0x0
                0x080045a8                __exidx_start = .
 *(.ARM.exidx*)
                0x080045a8                __exidx_end = .

.preinit_array  0x080045a8        0x0
                0x080045a8                PROVIDE (__preinit_array_start, .)
 *(.preinit_array*)
                0x080045a8                PROVIDE (__preinit_array_end, .)

.init_array     0x080045a8        0x8
                0x080045a8                PROVIDE (__init_array_start, .)
 *(SORT(.init_array.*))
 .init_array.00000
                0x080045a8        0x4 c:/program files (x86)/gnu tools arm embedded/4.9 2015q1/bin/../lib/gcc/arm-none-eabi/4.9.3/../../../../arm-none-eabi/lib/armv7e-m\libc.a(lib_a-__call_atexit.o)
 *(.init_array*)
 .init_array    0x080045ac        0x4 c:/program files (x86)/gnu tools arm embedded/4.9 2015q1/bin/../lib/gcc/arm-none-eabi/4.9.3/armv7e-m/crtbegin.o
                0x080045b0                PROVIDE (__init_array_end, .)

.fini_array     0x080045b0        0x4
                0x080045b0                PROVIDE (__fini_array_start, .)
 *(SORT(.fini_array.*))
 *(.fini_array*)
 .fini_array    0x080045b0        0x4 c:/program files (x86)/gnu tools arm embedded/4.9 2015q1/bin/../lib/gcc/arm-none-eabi/4.9.3/armv7e-m/crtbegin.o
                0x080045b4                PROVIDE (__fini_array_end, .)
                0x080045b4                _sidata = LOADADDR (.data)

.data           0x20000000      0x448 load address 0x080045b4
                0x20000000                . = ALIGN (0x4)
                0x20000000                _sdata = .
 *(.data)
 .data          0x20000000        0x8 ..\obj\LED.o
                0x20000000                FAST_BLINK
 .data          0x20000008       0x14 ..\obj\system_stm32f4xx.o
                0x20000008                SystemCoreClock
                0x2000000c                AHBPrescTable
 *(.data*)
 *fill*         0x2000001c        0x4 
 .data.impure_data
                0x20000020      0x428 c:/program files (x86)/gnu tools arm embedded/4.9 2015q1/bin/../lib/gcc/arm-none-eabi/4.9.3/../../../../arm-none-eabi/lib/armv7e-m\libc.a(lib_a-impure.o)
                0x20000448                . = ALIGN (0x4)
                0x20000448                _edata = .
                0x080049fc                _siccmram = LOADADDR (.ccmram)

.jcr            0x20000448        0x0 load address 0x080049fc
 .jcr           0x20000448        0x0 c:/program files (x86)/gnu tools arm embedded/4.9 2015q1/bin/../lib/gcc/arm-none-eabi/4.9.3/armv7e-m/crtbegin.o

.igot.plt       0x20000448        0x0 load address 0x080049fc
 .igot.plt      0x00000000        0x0 c:/program files (x86)/gnu tools arm embedded/4.9 2015q1/bin/../lib/gcc/arm-none-eabi/4.9.3/armv7e-m/crtbegin.o

.ccmram         0x10000000        0x0 load address 0x080049fc
                0x10000000                . = ALIGN (0x4)
                0x10000000                _sccmram = .
 *(.ccmram)
 *(.ccmram*)
                0x10000000                . = ALIGN (0x4)
                0x10000000                _eccmram = .
                0x10000000                . = ALIGN (0x4)

.bss            0x20000448       0xa4
                0x20000448                _sbss = .
                0x20000448                __bss_start__ = _sbss
 *(.bss)
 .bss           0x20000448       0x1c c:/program files (x86)/gnu tools arm embedded/4.9 2015q1/bin/../lib/gcc/arm-none-eabi/4.9.3/armv7e-m/crtbegin.o
 .bss           0x20000464       0x3c ..\obj\LED.o
                0x20000464                currentTime
 .bss           0x200004a0        0x4 ..\obj\stm32f4xx_hal.o
 *(.bss*)
 *(COMMON)
 COMMON         0x200004a4       0x48 ..\obj\Ethernet.o
                0x200004a4                heth
                0x200004ec                . = ALIGN (0x4)
                0x200004ec                _ebss = .
                0x200004ec                __bss_end__ = _ebss

._user_heap_stack
                0x200004ec     0x4000
                0x200004ec                . = ALIGN (0x4)
                0x200004ec                PROVIDE (end, .)
                0x200004ec                PROVIDE (_end, .)
                0x200024ec                . = (. + _Min_Heap_Size)
 *fill*         0x200004ec     0x2000 
                0x200044ec                . = (. + _Min_Stack_Size)
 *fill*         0x200024ec     0x2000 
                0x200044ec                . = ALIGN (0x4)

/DISCARD/
 libc.a(*)
 libm.a(*)
 libgcc.a(*)

.ARM.attributes
                0x00000000       0x2a
 *(.ARM.attributes)
 .ARM.attributes
                0x00000000       0x1e c:/program files (x86)/gnu tools arm embedded/4.9 2015q1/bin/../lib/gcc/arm-none-eabi/4.9.3/armv7e-m/crti.o
 .ARM.attributes
                0x0000001e       0x2e c:/program files (x86)/gnu tools arm embedded/4.9 2015q1/bin/../lib/gcc/arm-none-eabi/4.9.3/armv7e-m/crtbegin.o
 .ARM.attributes
                0x0000004c       0x33 ..\obj\LED.o
 .ARM.attributes
                0x0000007f       0x33 ..\obj\stm32f4xx_hal_eth.o
 .ARM.attributes
                0x000000b2       0x33 ..\obj\stm32f4xx_hal_cortex.o
 .ARM.attributes
                0x000000e5       0x33 ..\obj\system_stm32f4xx.o
 .ARM.attributes
                0x00000118       0x33 ..\obj\stm32f4xx_hal.o
 .ARM.attributes
                0x0000014b       0x33 ..\obj\stm32f4xx_hal_gpio.o
 .ARM.attributes
                0x0000017e       0x33 ..\obj\stm32f4xx_hal_rcc.o
 .ARM.attributes
                0x000001b1       0x21 ..\obj\startup_stm32f407xx.o
 .ARM.attributes
                0x000001d2       0x33 ..\obj\main.o
 .ARM.attributes
                0x00000205       0x33 ..\obj\Ethernet.o
 .ARM.attributes
                0x00000238       0x1c c:/program files (x86)/gnu tools arm embedded/4.9 2015q1/bin/../lib/gcc/arm-none-eabi/4.9.3/../../../../arm-none-eabi/lib/armv7e-m\libg.a(lib_a-memcpy.o)
 .ARM.attributes
                0x00000254       0x1e c:/program files (x86)/gnu tools arm embedded/4.9 2015q1/bin/../lib/gcc/arm-none-eabi/4.9.3/armv7e-m/crtn.o
LOAD ..\obj\stm32f4xx_hal_dcmi.o
LOAD ..\obj\LED.o
LOAD ..\obj\stm32f4xx_hal_rcc_ex.o
LOAD ..\obj\stm32f4xx_hal_eth.o
LOAD ..\obj\stm32f4xx_hal_cortex.o
LOAD ..\obj\system_stm32f4xx.o
LOAD ..\obj\stm32f4xx_hal.o
LOAD ..\obj\stm32f4xx_hal_gpio.o
LOAD ..\obj\stm32f4xx_hal_rcc.o
LOAD ..\obj\startup_stm32f407xx.o
LOAD ..\obj\main.o
LOAD ..\obj\Ethernet.o
START GROUP
LOAD c:/program files (x86)/gnu tools arm embedded/4.9 2015q1/bin/../lib/gcc/arm-none-eabi/4.9.3/armv7e-m\libgcc.a
LOAD c:/program files (x86)/gnu tools arm embedded/4.9 2015q1/bin/../lib/gcc/arm-none-eabi/4.9.3/../../../../arm-none-eabi/lib/armv7e-m\libg.a
LOAD c:/program files (x86)/gnu tools arm embedded/4.9 2015q1/bin/../lib/gcc/arm-none-eabi/4.9.3/../../../../arm-none-eabi/lib/armv7e-m\libc.a
END GROUP
LOAD c:/program files (x86)/gnu tools arm embedded/4.9 2015q1/bin/../lib/gcc/arm-none-eabi/4.9.3/armv7e-m/crtend.o
LOAD c:/program files (x86)/gnu tools arm embedded/4.9 2015q1/bin/../lib/gcc/arm-none-eabi/4.9.3/armv7e-m/crtn.o
OUTPUT(Ethernet.elf elf32-littlearm)

.debug_info     0x00000000     0x5aad
 .debug_info    0x00000000      0x733 ..\obj\LED.o
 .debug_info    0x00000733     0x13bb ..\obj\stm32f4xx_hal_eth.o
 .debug_info    0x00001aee      0xb6d ..\obj\stm32f4xx_hal_cortex.o
 .debug_info    0x0000265b      0x49a ..\obj\system_stm32f4xx.o
 .debug_info    0x00002af5      0x8e1 ..\obj\stm32f4xx_hal.o
 .debug_info    0x000033d6      0x6f8 ..\obj\stm32f4xx_hal_gpio.o
 .debug_info    0x00003ace      0xe0d ..\obj\stm32f4xx_hal_rcc.o
 .debug_info    0x000048db       0xe0 ..\obj\startup_stm32f407xx.o
 .debug_info    0x000049bb      0x235 ..\obj\main.o
 .debug_info    0x00004bf0      0xebd ..\obj\Ethernet.o

.debug_abbrev   0x00000000     0x103d
 .debug_abbrev  0x00000000      0x1ca ..\obj\LED.o
 .debug_abbrev  0x000001ca      0x21d ..\obj\stm32f4xx_hal_eth.o
 .debug_abbrev  0x000003e7      0x299 ..\obj\stm32f4xx_hal_cortex.o
 .debug_abbrev  0x00000680       0xff ..\obj\system_stm32f4xx.o
 .debug_abbrev  0x0000077f      0x1ff ..\obj\stm32f4xx_hal.o
 .debug_abbrev  0x0000097e      0x1aa ..\obj\stm32f4xx_hal_gpio.o
 .debug_abbrev  0x00000b28      0x25a ..\obj\stm32f4xx_hal_rcc.o
 .debug_abbrev  0x00000d82       0x12 ..\obj\startup_stm32f407xx.o
 .debug_abbrev  0x00000d94       0xf6 ..\obj\main.o
 .debug_abbrev  0x00000e8a      0x1b3 ..\obj\Ethernet.o

.debug_aranges  0x00000000      0x148
 .debug_aranges
                0x00000000       0x20 ..\obj\LED.o
 .debug_aranges
                0x00000020       0x20 ..\obj\stm32f4xx_hal_eth.o
 .debug_aranges
                0x00000040       0x20 ..\obj\stm32f4xx_hal_cortex.o
 .debug_aranges
                0x00000060       0x20 ..\obj\system_stm32f4xx.o
 .debug_aranges
                0x00000080       0x20 ..\obj\stm32f4xx_hal.o
 .debug_aranges
                0x000000a0       0x20 ..\obj\stm32f4xx_hal_gpio.o
 .debug_aranges
                0x000000c0       0x20 ..\obj\stm32f4xx_hal_rcc.o
 .debug_aranges
                0x000000e0       0x28 ..\obj\startup_stm32f407xx.o
 .debug_aranges
                0x00000108       0x20 ..\obj\main.o
 .debug_aranges
                0x00000128       0x20 ..\obj\Ethernet.o

.debug_line     0x00000000     0x22d8
 .debug_line    0x00000000      0x381 ..\obj\LED.o
 .debug_line    0x00000381      0x78f ..\obj\stm32f4xx_hal_eth.o
 .debug_line    0x00000b10      0x336 ..\obj\stm32f4xx_hal_cortex.o
 .debug_line    0x00000e46      0x20d ..\obj\system_stm32f4xx.o
 .debug_line    0x00001053      0x2f2 ..\obj\stm32f4xx_hal.o
 .debug_line    0x00001345      0x40d ..\obj\stm32f4xx_hal_gpio.o
 .debug_line    0x00001752      0x586 ..\obj\stm32f4xx_hal_rcc.o
 .debug_line    0x00001cd8       0xd1 ..\obj\startup_stm32f407xx.o
 .debug_line    0x00001da9      0x26f ..\obj\main.o
 .debug_line    0x00002018      0x2c0 ..\obj\Ethernet.o

.debug_str      0x00000000     0x2024
 .debug_str     0x00000000      0x40b ..\obj\LED.o
                                0x47c (size before relaxing)
 .debug_str     0x0000040b      0xbda ..\obj\stm32f4xx_hal_eth.o
                                0xeae (size before relaxing)
 .debug_str     0x00000fe5      0x821 ..\obj\stm32f4xx_hal_cortex.o
                                0xade (size before relaxing)
 .debug_str     0x00001806       0x99 ..\obj\system_stm32f4xx.o
                                0x332 (size before relaxing)
 .debug_str     0x0000189f      0x26a ..\obj\stm32f4xx_hal.o
                                0xa48 (size before relaxing)
 .debug_str     0x00001b09      0x14f ..\obj\stm32f4xx_hal_gpio.o
                                0x4ee (size before relaxing)
 .debug_str     0x00001c58      0x2e8 ..\obj\stm32f4xx_hal_rcc.o
                                0x6a8 (size before relaxing)
 .debug_str     0x00001f40       0x46 ..\obj\main.o
                                0x27c (size before relaxing)
 .debug_str     0x00001f86       0x9e ..\obj\Ethernet.o
                                0xd91 (size before relaxing)

.comment        0x00000000       0x70
 .comment       0x00000000       0x70 ..\obj\LED.o
                                 0x71 (size before relaxing)
 .comment       0x00000000       0x71 ..\obj\stm32f4xx_hal_eth.o
 .comment       0x00000000       0x71 ..\obj\stm32f4xx_hal_cortex.o
 .comment       0x00000000       0x71 ..\obj\system_stm32f4xx.o
 .comment       0x00000000       0x71 ..\obj\stm32f4xx_hal.o
 .comment       0x00000000       0x71 ..\obj\stm32f4xx_hal_gpio.o
 .comment       0x00000000       0x71 ..\obj\stm32f4xx_hal_rcc.o
 .comment       0x00000000       0x71 ..\obj\main.o
 .comment       0x00000000       0x71 ..\obj\Ethernet.o

.debug_frame    0x00000000     0x1218
 .debug_frame   0x00000000      0x1f0 ..\obj\LED.o
 .debug_frame   0x000001f0      0x4c8 ..\obj\stm32f4xx_hal_eth.o
 .debug_frame   0x000006b8      0x428 ..\obj\stm32f4xx_hal_cortex.o
 .debug_frame   0x00000ae0       0x58 ..\obj\system_stm32f4xx.o
 .debug_frame   0x00000b38      0x2c0 ..\obj\stm32f4xx_hal.o
 .debug_frame   0x00000df8      0x14c ..\obj\stm32f4xx_hal_gpio.o
 .debug_frame   0x00000f44      0x204 ..\obj\stm32f4xx_hal_rcc.o
 .debug_frame   0x00001148       0x30 ..\obj\main.o
 .debug_frame   0x00001178       0xa0 ..\obj\Ethernet.o

.debug_ranges   0x00000000       0x20
 .debug_ranges  0x00000000       0x20 ..\obj\startup_stm32f407xx.o
